// Vitest Snapshot v1, https://vitest.dev/guide/snapshot.html

exports[`R3 native Team Details surface > keeps the active roster authoritative, labels no current task, and returns from a removed selected member 1`] = `"MembersReturn to main ChatCurrent mode: Main Chat is captainworker is no longer in this Team. Returning to members.NoneHost roster is truncated (up to the first 100): showing 0 of 0 members."`;
